CRITICAL - 2023-11-20 12:55:39 --> Undefined variable: donnee
in APPPATH/Controllers/Accueil.php on line 9.
 1 APPPATH/Controllers/Accueil.php(9): CodeIgniter\Debug\Exceptions->errorHandler()
 2 SYSTEMPATH/CodeIgniter.php(919): App\Controllers\Accueil->afficher()
 3 SYSTEMPATH/CodeIgniter.php(494): CodeIgniter\CodeIgniter->runController()
 4 SYSTEMPATH/CodeIgniter.php(353): CodeIgniter\CodeIgniter->handleRequest()
 5 FCPATH/index.php(79): CodeIgniter\CodeIgniter->run()
CRITICAL - 2023-11-20 12:55:39 --> Uncaught ErrorException: chmod() has been disabled for security reasons in /home/2023DIFAL3/e22111435/public_html/V1/ci/system/Log/Handlers/FileHandler.php:117
Stack trace:
#0 [internal function]: CodeIgniter\Debug\Exceptions->errorHandler()
#1 /home/2023DIFAL3/e22111435/public_html/V1/ci/system/Log/Handlers/FileHandler.php(117): chmod()
#2 /home/2023DIFAL3/e22111435/public_html/V1/ci/system/Log/Logger.php(292): CodeIgniter\Log\Handlers\FileHandler->handle()
#3 /home/2023DIFAL3/e22111435/public_html/V1/ci/system/Common.php(810): CodeIgniter\Log\Logger->log()
#4 /home/2023DIFAL3/e22111435/public_html/V1/ci/system/Debug/Exceptions.php(131): log_message()
#5 [internal function]: CodeIgniter\Debug\Exceptions->exceptionHandler()
#6 {main}
  thrown
【Previous Exception】
ErrorException
Undefined variable: donnee
#0 /home/2023DIFAL3/e22111435/public_html/V1/ci/app/Controllers/Accueil.php(9): CodeIgniter\Debug\Exceptions->errorHandler()
#1 /home/2023DIFAL3/e22111435/public_html/V1/ci/system/CodeIgniter.php(919): App\Controllers\Accueil->afficher()
#2 /home/2023DIFAL3/e22111435/public_html/V1/ci/system/CodeIgniter.php(494): CodeIgniter\CodeIgniter->runController()
#3 /home/2023DIFAL3/e22111435/public_html/V1/ci/system/CodeIgniter.php(353): CodeIgniter\CodeIgniter->handleRequest()
#4 /home/2023DIFAL3/e22111435/public_html/V1/ci/public/index.php(79): CodeIgniter\CodeIgniter->run()
#5 {main}
in SYSTEMPATH/Log/Handlers/FileHandler.php on line 117.
 1 [internal function]: CodeIgniter\Debug\Exceptions->shutdownHandler()
CRITICAL - 2023-11-20 13:00:12 --> Undefined variable: donnee
in APPPATH/Controllers/Accueil.php on line 9.
 1 APPPATH/Controllers/Accueil.php(9): CodeIgniter\Debug\Exceptions->errorHandler()
 2 SYSTEMPATH/CodeIgniter.php(919): App\Controllers\Accueil->afficher()
 3 SYSTEMPATH/CodeIgniter.php(494): CodeIgniter\CodeIgniter->runController()
 4 SYSTEMPATH/CodeIgniter.php(353): CodeIgniter\CodeIgniter->handleRequest()
 5 FCPATH/index.php(79): CodeIgniter\CodeIgniter->run()
CRITICAL - 2023-11-20 13:01:50 --> Undefined variable: donnee
in APPPATH/Controllers/Accueil.php on line 9.
 1 APPPATH/Controllers/Accueil.php(9): CodeIgniter\Debug\Exceptions->errorHandler()
 2 SYSTEMPATH/CodeIgniter.php(919): App\Controllers\Accueil->afficher()
 3 SYSTEMPATH/CodeIgniter.php(494): CodeIgniter\CodeIgniter->runController()
 4 SYSTEMPATH/CodeIgniter.php(353): CodeIgniter\CodeIgniter->handleRequest()
 5 FCPATH/index.php(79): CodeIgniter\CodeIgniter->run()
CRITICAL - 2023-11-20 13:41:18 --> Too few arguments to function App\Controllers\Accueil::afficher(), 0 passed in /home/2023DIFAL3/e22111435/public_html/V1/ci/system/CodeIgniter.php on line 919 and exactly 1 expected
in APPPATH/Controllers/Accueil.php on line 7.
 1 SYSTEMPATH/CodeIgniter.php(919): App\Controllers\Accueil->afficher()
 2 SYSTEMPATH/CodeIgniter.php(494): CodeIgniter\CodeIgniter->runController()
 3 SYSTEMPATH/CodeIgniter.php(353): CodeIgniter\CodeIgniter->handleRequest()
 4 FCPATH/index.php(79): CodeIgniter\CodeIgniter->run()
CRITICAL - 2023-11-20 13:41:35 --> Too few arguments to function App\Controllers\Accueil::afficher(), 0 passed in /home/2023DIFAL3/e22111435/public_html/V1/ci/system/CodeIgniter.php on line 919 and exactly 1 expected
in APPPATH/Controllers/Accueil.php on line 7.
 1 SYSTEMPATH/CodeIgniter.php(919): App\Controllers\Accueil->afficher()
 2 SYSTEMPATH/CodeIgniter.php(494): CodeIgniter\CodeIgniter->runController()
 3 SYSTEMPATH/CodeIgniter.php(353): CodeIgniter\CodeIgniter->handleRequest()
 4 FCPATH/index.php(79): CodeIgniter\CodeIgniter->run()
CRITICAL - 2023-11-20 15:05:49 --> Too few arguments to function App\Controllers\Accueil::afficher(), 0 passed in /home/2023DIFAL3/e22111435/public_html/V1/ci/system/CodeIgniter.php on line 919 and exactly 1 expected
in APPPATH/Controllers/Accueil.php on line 7.
 1 SYSTEMPATH/CodeIgniter.php(919): App\Controllers\Accueil->afficher()
 2 SYSTEMPATH/CodeIgniter.php(494): CodeIgniter\CodeIgniter->runController()
 3 SYSTEMPATH/CodeIgniter.php(353): CodeIgniter\CodeIgniter->handleRequest()
 4 FCPATH/index.php(79): CodeIgniter\CodeIgniter->run()
CRITICAL - 2023-11-20 15:39:50 --> Too few arguments to function App\Controllers\Accueil::afficher(), 0 passed in /home/2023DIFAL3/e22111435/public_html/V1/ci/system/CodeIgniter.php on line 919 and exactly 1 expected
in APPPATH/Controllers/Accueil.php on line 7.
 1 SYSTEMPATH/CodeIgniter.php(919): App\Controllers\Accueil->afficher()
 2 SYSTEMPATH/CodeIgniter.php(494): CodeIgniter\CodeIgniter->runController()
 3 SYSTEMPATH/CodeIgniter.php(353): CodeIgniter\CodeIgniter->handleRequest()
 4 FCPATH/index.php(79): CodeIgniter\CodeIgniter->run()
CRITICAL - 2023-11-20 15:42:12 --> Too few arguments to function App\Controllers\Accueil::afficher(), 0 passed in /home/2023DIFAL3/e22111435/public_html/V1/ci/system/CodeIgniter.php on line 919 and exactly 1 expected
in APPPATH/Controllers/Accueil.php on line 7.
 1 SYSTEMPATH/CodeIgniter.php(919): App\Controllers\Accueil->afficher()
 2 SYSTEMPATH/CodeIgniter.php(494): CodeIgniter\CodeIgniter->runController()
 3 SYSTEMPATH/CodeIgniter.php(353): CodeIgniter\CodeIgniter->handleRequest()
 4 FCPATH/index.php(79): CodeIgniter\CodeIgniter->run()
ERROR - 2023-11-20 17:02:20 --> mysqli_sql_exception: Table 'e22111435_db1.t_compte_cpt' doesn't exist in /home/2023DIFAL3/e22111435/public_html/V1/ci/system/Database/MySQLi/Connection.php:306
Stack trace:
#0 /home/2023DIFAL3/e22111435/public_html/V1/ci/system/Database/MySQLi/Connection.php(306): mysqli->query()
#1 /home/2023DIFAL3/e22111435/public_html/V1/ci/system/Database/BaseConnection.php(692): CodeIgniter\Database\MySQLi\Connection->execute()
#2 /home/2023DIFAL3/e22111435/public_html/V1/ci/system/Database/BaseConnection.php(606): CodeIgniter\Database\BaseConnection->simpleQuery()
#3 /home/2023DIFAL3/e22111435/public_html/V1/ci/app/Models/Db_model.php(16): CodeIgniter\Database\BaseConnection->query()
#4 /home/2023DIFAL3/e22111435/public_html/V1/ci/app/Controllers/Compte.php(15): App\Models\Db_model->get_all_compte()
#5 /home/2023DIFAL3/e22111435/public_html/V1/ci/system/CodeIgniter.php(919): App\Controllers\Compte->lister()
#6 /home/2023DIFAL3/e22111435/public_html/V1/ci/system/CodeIgniter.php(494): CodeIgniter\CodeIgniter->runController()
#7 /home/2023DIFAL3/e22111435/public_html/V1/ci/system/CodeIgniter.php(353): CodeIgniter\CodeIgniter->handleRequest()
#8 /home/2023DIFAL3/e22111435/public_html/V1/ci/public/index.php(79): CodeIgniter\CodeIgniter->run()
#9 {main}
CRITICAL - 2023-11-20 17:02:20 --> Table 'e22111435_db1.t_compte_cpt' doesn't exist
in SYSTEMPATH/Database/BaseConnection.php on line 646.
 1 APPPATH/Models/Db_model.php(16): CodeIgniter\Database\BaseConnection->query()
 2 APPPATH/Controllers/Compte.php(15): App\Models\Db_model->get_all_compte()
 3 SYSTEMPATH/CodeIgniter.php(919): App\Controllers\Compte->lister()
 4 SYSTEMPATH/CodeIgniter.php(494): CodeIgniter\CodeIgniter->runController()
 5 SYSTEMPATH/CodeIgniter.php(353): CodeIgniter\CodeIgniter->handleRequest()
 6 FCPATH/index.php(79): CodeIgniter\CodeIgniter->run()
ERROR - 2023-11-20 17:05:09 --> mysqli_sql_exception: Table 'e22111435_db1.t_compte_cpt' doesn't exist in /home/2023DIFAL3/e22111435/public_html/V1/ci/system/Database/MySQLi/Connection.php:306
Stack trace:
#0 /home/2023DIFAL3/e22111435/public_html/V1/ci/system/Database/MySQLi/Connection.php(306): mysqli->query()
#1 /home/2023DIFAL3/e22111435/public_html/V1/ci/system/Database/BaseConnection.php(692): CodeIgniter\Database\MySQLi\Connection->execute()
#2 /home/2023DIFAL3/e22111435/public_html/V1/ci/system/Database/BaseConnection.php(606): CodeIgniter\Database\BaseConnection->simpleQuery()
#3 /home/2023DIFAL3/e22111435/public_html/V1/ci/app/Models/Db_model.php(16): CodeIgniter\Database\BaseConnection->query()
#4 /home/2023DIFAL3/e22111435/public_html/V1/ci/app/Controllers/Compte.php(15): App\Models\Db_model->get_all_compte()
#5 /home/2023DIFAL3/e22111435/public_html/V1/ci/system/CodeIgniter.php(919): App\Controllers\Compte->lister()
#6 /home/2023DIFAL3/e22111435/public_html/V1/ci/system/CodeIgniter.php(494): CodeIgniter\CodeIgniter->runController()
#7 /home/2023DIFAL3/e22111435/public_html/V1/ci/system/CodeIgniter.php(353): CodeIgniter\CodeIgniter->handleRequest()
#8 /home/2023DIFAL3/e22111435/public_html/V1/ci/public/index.php(79): CodeIgniter\CodeIgniter->run()
#9 {main}
CRITICAL - 2023-11-20 17:05:09 --> Table 'e22111435_db1.t_compte_cpt' doesn't exist
in SYSTEMPATH/Database/BaseConnection.php on line 646.
 1 APPPATH/Models/Db_model.php(16): CodeIgniter\Database\BaseConnection->query()
 2 APPPATH/Controllers/Compte.php(15): App\Models\Db_model->get_all_compte()
 3 SYSTEMPATH/CodeIgniter.php(919): App\Controllers\Compte->lister()
 4 SYSTEMPATH/CodeIgniter.php(494): CodeIgniter\CodeIgniter->runController()
 5 SYSTEMPATH/CodeIgniter.php(353): CodeIgniter\CodeIgniter->handleRequest()
 6 FCPATH/index.php(79): CodeIgniter\CodeIgniter->run()
ERROR - 2023-11-20 17:05:11 --> mysqli_sql_exception: Table 'e22111435_db1.t_compte_cpt' doesn't exist in /home/2023DIFAL3/e22111435/public_html/V1/ci/system/Database/MySQLi/Connection.php:306
Stack trace:
#0 /home/2023DIFAL3/e22111435/public_html/V1/ci/system/Database/MySQLi/Connection.php(306): mysqli->query()
#1 /home/2023DIFAL3/e22111435/public_html/V1/ci/system/Database/BaseConnection.php(692): CodeIgniter\Database\MySQLi\Connection->execute()
#2 /home/2023DIFAL3/e22111435/public_html/V1/ci/system/Database/BaseConnection.php(606): CodeIgniter\Database\BaseConnection->simpleQuery()
#3 /home/2023DIFAL3/e22111435/public_html/V1/ci/app/Models/Db_model.php(16): CodeIgniter\Database\BaseConnection->query()
#4 /home/2023DIFAL3/e22111435/public_html/V1/ci/app/Controllers/Compte.php(15): App\Models\Db_model->get_all_compte()
#5 /home/2023DIFAL3/e22111435/public_html/V1/ci/system/CodeIgniter.php(919): App\Controllers\Compte->lister()
#6 /home/2023DIFAL3/e22111435/public_html/V1/ci/system/CodeIgniter.php(494): CodeIgniter\CodeIgniter->runController()
#7 /home/2023DIFAL3/e22111435/public_html/V1/ci/system/CodeIgniter.php(353): CodeIgniter\CodeIgniter->handleRequest()
#8 /home/2023DIFAL3/e22111435/public_html/V1/ci/public/index.php(79): CodeIgniter\CodeIgniter->run()
#9 {main}
CRITICAL - 2023-11-20 17:05:11 --> Table 'e22111435_db1.t_compte_cpt' doesn't exist
in SYSTEMPATH/Database/BaseConnection.php on line 646.
 1 APPPATH/Models/Db_model.php(16): CodeIgniter\Database\BaseConnection->query()
 2 APPPATH/Controllers/Compte.php(15): App\Models\Db_model->get_all_compte()
 3 SYSTEMPATH/CodeIgniter.php(919): App\Controllers\Compte->lister()
 4 SYSTEMPATH/CodeIgniter.php(494): CodeIgniter\CodeIgniter->runController()
 5 SYSTEMPATH/CodeIgniter.php(353): CodeIgniter\CodeIgniter->handleRequest()
 6 FCPATH/index.php(79): CodeIgniter\CodeIgniter->run()
CRITICAL - 2023-11-20 17:05:30 --> Undefined index: cpt_login
in APPPATH/Views/affichage_comptes.php on line 9.
 1 APPPATH/Views/affichage_comptes.php(9): CodeIgniter\Debug\Exceptions->errorHandler()
 2 SYSTEMPATH/View/View.php(226): include('/home/2023DIFAL3/e22111435/public_html/V1/ci/app/Views/affichage_comptes.php')
 3 SYSTEMPATH/View/View.php(229): CodeIgniter\View\View->CodeIgniter\View\{closure}()
 4 SYSTEMPATH/Common.php(1188): CodeIgniter\View\View->render()
 5 APPPATH/Controllers/Compte.php(17): view()
 6 SYSTEMPATH/CodeIgniter.php(919): App\Controllers\Compte->lister()
 7 SYSTEMPATH/CodeIgniter.php(494): CodeIgniter\CodeIgniter->runController()
 8 SYSTEMPATH/CodeIgniter.php(353): CodeIgniter\CodeIgniter->handleRequest()
 9 FCPATH/index.php(79): CodeIgniter\CodeIgniter->run()
