CRITICAL - 2023-11-22 00:27:00 --> Undefined variable: titre
in APPPATH/Views/affichage_actualite.php on line 11.
 1 APPPATH/Views/affichage_actualite.php(11): CodeIgniter\Debug\Exceptions->errorHandler()
 2 SYSTEMPATH/View/View.php(226): include('/home/2023DIFAL3/e22111435/public_html/V1/ci/app/Views/affichage_actualite.php')
 3 SYSTEMPATH/View/View.php(229): CodeIgniter\View\View->CodeIgniter\View\{closure}()
 4 SYSTEMPATH/Common.php(1188): CodeIgniter\View\View->render()
 5 APPPATH/Controllers/Etape.php(18): view()
 6 SYSTEMPATH/CodeIgniter.php(919): App\Controllers\Etape->afficher()
 7 SYSTEMPATH/CodeIgniter.php(494): CodeIgniter\CodeIgniter->runController()
 8 SYSTEMPATH/CodeIgniter.php(353): CodeIgniter\CodeIgniter->handleRequest()
 9 FCPATH/index.php(79): CodeIgniter\CodeIgniter->run()
CRITICAL - 2023-11-22 00:27:00 --> Uncaught ErrorException: chmod() has been disabled for security reasons in /home/2023DIFAL3/e22111435/public_html/V1/ci/system/Log/Handlers/FileHandler.php:117
Stack trace:
#0 [internal function]: CodeIgniter\Debug\Exceptions->errorHandler()
#1 /home/2023DIFAL3/e22111435/public_html/V1/ci/system/Log/Handlers/FileHandler.php(117): chmod()
#2 /home/2023DIFAL3/e22111435/public_html/V1/ci/system/Log/Logger.php(292): CodeIgniter\Log\Handlers\FileHandler->handle()
#3 /home/2023DIFAL3/e22111435/public_html/V1/ci/system/Common.php(810): CodeIgniter\Log\Logger->log()
#4 /home/2023DIFAL3/e22111435/public_html/V1/ci/system/Debug/Exceptions.php(131): log_message()
#5 [internal function]: CodeIgniter\Debug\Exceptions->exceptionHandler()
#6 {main}
  thrown
【Previous Exception】
ErrorException
Undefined variable: titre
#0 /home/2023DIFAL3/e22111435/public_html/V1/ci/app/Views/affichage_actualite.php(11): CodeIgniter\Debug\Exceptions->errorHandler()
#1 /home/2023DIFAL3/e22111435/public_html/V1/ci/system/View/View.php(226): include('/home/2023DIFAL...')
#2 /home/2023DIFAL3/e22111435/public_html/V1/ci/system/View/View.php(229): CodeIgniter\View\View->CodeIgniter\View\{closure}()
#3 /home/2023DIFAL3/e22111435/public_html/V1/ci/system/Common.php(1188): CodeIgniter\View\View->render()
#4 /home/2023DIFAL3/e22111435/public_html/V1/ci/app/Controllers/Etape.php(18): view()
#5 /home/2023DIFAL3/e22111435/public_html/V1/ci/system/CodeIgniter.php(919): App\Controllers\Etape->afficher()
#6 /home/2023DIFAL3/e22111435/public_html/V1/ci/system/CodeIgniter.php(494): CodeIgniter\CodeIgniter->runController()
#7 /home/2023DIFAL3/e22111435/public_html/V1/ci/system/CodeIgniter.php(353): CodeIgniter\CodeIgniter->handleRequest()
#8 /home/2023DIFAL3/e22111435/public_html/V1/ci/public/index.php(79): CodeIgniter\CodeIgniter->run()
#9 {main}
in SYSTEMPATH/Log/Handlers/FileHandler.php on line 117.
 1 [internal function]: CodeIgniter\Debug\Exceptions->shutdownHandler()
CRITICAL - 2023-11-22 00:29:14 --> Trying to get property 'sce_intitule' of non-object
in APPPATH/Views/affichage_etape.php on line 10.
 1 APPPATH/Views/affichage_etape.php(10): CodeIgniter\Debug\Exceptions->errorHandler()
 2 SYSTEMPATH/View/View.php(226): include('/home/2023DIFAL3/e22111435/public_html/V1/ci/app/Views/affichage_etape.php')
 3 SYSTEMPATH/View/View.php(229): CodeIgniter\View\View->CodeIgniter\View\{closure}()
 4 SYSTEMPATH/Common.php(1188): CodeIgniter\View\View->render()
 5 APPPATH/Controllers/Etape.php(18): view()
 6 SYSTEMPATH/CodeIgniter.php(919): App\Controllers\Etape->afficher()
 7 SYSTEMPATH/CodeIgniter.php(494): CodeIgniter\CodeIgniter->runController()
 8 SYSTEMPATH/CodeIgniter.php(353): CodeIgniter\CodeIgniter->handleRequest()
 9 FCPATH/index.php(79): CodeIgniter\CodeIgniter->run()
CRITICAL - 2023-11-22 00:29:59 --> Trying to get property 'sce_intitule' of non-object
in APPPATH/Views/affichage_etape.php on line 10.
 1 APPPATH/Views/affichage_etape.php(10): CodeIgniter\Debug\Exceptions->errorHandler()
 2 SYSTEMPATH/View/View.php(226): include('/home/2023DIFAL3/e22111435/public_html/V1/ci/app/Views/affichage_etape.php')
 3 SYSTEMPATH/View/View.php(229): CodeIgniter\View\View->CodeIgniter\View\{closure}()
 4 SYSTEMPATH/Common.php(1188): CodeIgniter\View\View->render()
 5 APPPATH/Controllers/Etape.php(18): view()
 6 SYSTEMPATH/CodeIgniter.php(919): App\Controllers\Etape->afficher()
 7 SYSTEMPATH/CodeIgniter.php(494): CodeIgniter\CodeIgniter->runController()
 8 SYSTEMPATH/CodeIgniter.php(353): CodeIgniter\CodeIgniter->handleRequest()
 9 FCPATH/index.php(79): CodeIgniter\CodeIgniter->run()
CRITICAL - 2023-11-22 00:31:03 --> Trying to get property 'etp_intitule' of non-object
in APPPATH/Views/affichage_etape.php on line 10.
 1 APPPATH/Views/affichage_etape.php(10): CodeIgniter\Debug\Exceptions->errorHandler()
 2 SYSTEMPATH/View/View.php(226): include('/home/2023DIFAL3/e22111435/public_html/V1/ci/app/Views/affichage_etape.php')
 3 SYSTEMPATH/View/View.php(229): CodeIgniter\View\View->CodeIgniter\View\{closure}()
 4 SYSTEMPATH/Common.php(1188): CodeIgniter\View\View->render()
 5 APPPATH/Controllers/Etape.php(18): view()
 6 SYSTEMPATH/CodeIgniter.php(919): App\Controllers\Etape->afficher()
 7 SYSTEMPATH/CodeIgniter.php(494): CodeIgniter\CodeIgniter->runController()
 8 SYSTEMPATH/CodeIgniter.php(353): CodeIgniter\CodeIgniter->handleRequest()
 9 FCPATH/index.php(79): CodeIgniter\CodeIgniter->run()
CRITICAL - 2023-11-22 00:35:57 --> Trying to get property 'etp_intitule' of non-object
in APPPATH/Views/affichage_etape.php on line 10.
 1 APPPATH/Views/affichage_etape.php(10): CodeIgniter\Debug\Exceptions->errorHandler()
 2 SYSTEMPATH/View/View.php(226): include('/home/2023DIFAL3/e22111435/public_html/V1/ci/app/Views/affichage_etape.php')
 3 SYSTEMPATH/View/View.php(229): CodeIgniter\View\View->CodeIgniter\View\{closure}()
 4 SYSTEMPATH/Common.php(1188): CodeIgniter\View\View->render()
 5 APPPATH/Controllers/Etape.php(18): view()
 6 SYSTEMPATH/CodeIgniter.php(919): App\Controllers\Etape->afficher()
 7 SYSTEMPATH/CodeIgniter.php(494): CodeIgniter\CodeIgniter->runController()
 8 SYSTEMPATH/CodeIgniter.php(353): CodeIgniter\CodeIgniter->handleRequest()
 9 FCPATH/index.php(79): CodeIgniter\CodeIgniter->run()
CRITICAL - 2023-11-22 00:37:49 --> Trying to get property 'etp_intitule' of non-object
in APPPATH/Views/affichage_etape.php on line 10.
 1 APPPATH/Views/affichage_etape.php(10): CodeIgniter\Debug\Exceptions->errorHandler()
 2 SYSTEMPATH/View/View.php(226): include('/home/2023DIFAL3/e22111435/public_html/V1/ci/app/Views/affichage_etape.php')
 3 SYSTEMPATH/View/View.php(229): CodeIgniter\View\View->CodeIgniter\View\{closure}()
 4 SYSTEMPATH/Common.php(1188): CodeIgniter\View\View->render()
 5 APPPATH/Controllers/Etape.php(18): view()
 6 SYSTEMPATH/CodeIgniter.php(919): App\Controllers\Etape->afficher()
 7 SYSTEMPATH/CodeIgniter.php(494): CodeIgniter\CodeIgniter->runController()
 8 SYSTEMPATH/CodeIgniter.php(353): CodeIgniter\CodeIgniter->handleRequest()
 9 FCPATH/index.php(79): CodeIgniter\CodeIgniter->run()
CRITICAL - 2023-11-22 00:37:56 --> Trying to get property 'etp_intitule' of non-object
in APPPATH/Views/affichage_etape.php on line 10.
 1 APPPATH/Views/affichage_etape.php(10): CodeIgniter\Debug\Exceptions->errorHandler()
 2 SYSTEMPATH/View/View.php(226): include('/home/2023DIFAL3/e22111435/public_html/V1/ci/app/Views/affichage_etape.php')
 3 SYSTEMPATH/View/View.php(229): CodeIgniter\View\View->CodeIgniter\View\{closure}()
 4 SYSTEMPATH/Common.php(1188): CodeIgniter\View\View->render()
 5 APPPATH/Controllers/Etape.php(18): view()
 6 SYSTEMPATH/CodeIgniter.php(919): App\Controllers\Etape->afficher()
 7 SYSTEMPATH/CodeIgniter.php(494): CodeIgniter\CodeIgniter->runController()
 8 SYSTEMPATH/CodeIgniter.php(353): CodeIgniter\CodeIgniter->handleRequest()
 9 FCPATH/index.php(79): CodeIgniter\CodeIgniter->run()
CRITICAL - 2023-11-22 00:38:21 --> Trying to get property 'etp_intitule' of non-object
in APPPATH/Views/affichage_etape.php on line 10.
 1 APPPATH/Views/affichage_etape.php(10): CodeIgniter\Debug\Exceptions->errorHandler()
 2 SYSTEMPATH/View/View.php(226): include('/home/2023DIFAL3/e22111435/public_html/V1/ci/app/Views/affichage_etape.php')
 3 SYSTEMPATH/View/View.php(229): CodeIgniter\View\View->CodeIgniter\View\{closure}()
 4 SYSTEMPATH/Common.php(1188): CodeIgniter\View\View->render()
 5 APPPATH/Controllers/Etape.php(18): view()
 6 SYSTEMPATH/CodeIgniter.php(919): App\Controllers\Etape->afficher()
 7 SYSTEMPATH/CodeIgniter.php(494): CodeIgniter\CodeIgniter->runController()
 8 SYSTEMPATH/CodeIgniter.php(353): CodeIgniter\CodeIgniter->handleRequest()
 9 FCPATH/index.php(79): CodeIgniter\CodeIgniter->run()
CRITICAL - 2023-11-22 00:38:44 --> Trying to get property 'etp_description' of non-object
in APPPATH/Views/affichage_etape.php on line 12.
 1 APPPATH/Views/affichage_etape.php(12): CodeIgniter\Debug\Exceptions->errorHandler()
 2 SYSTEMPATH/View/View.php(226): include('/home/2023DIFAL3/e22111435/public_html/V1/ci/app/Views/affichage_etape.php')
 3 SYSTEMPATH/View/View.php(229): CodeIgniter\View\View->CodeIgniter\View\{closure}()
 4 SYSTEMPATH/Common.php(1188): CodeIgniter\View\View->render()
 5 APPPATH/Controllers/Etape.php(18): view()
 6 SYSTEMPATH/CodeIgniter.php(919): App\Controllers\Etape->afficher()
 7 SYSTEMPATH/CodeIgniter.php(494): CodeIgniter\CodeIgniter->runController()
 8 SYSTEMPATH/CodeIgniter.php(353): CodeIgniter\CodeIgniter->handleRequest()
 9 FCPATH/index.php(79): CodeIgniter\CodeIgniter->run()
CRITICAL - 2023-11-22 00:39:53 --> Trying to get property 'etp_intitule' of non-object
in APPPATH/Views/affichage_etape.php on line 10.
 1 APPPATH/Views/affichage_etape.php(10): CodeIgniter\Debug\Exceptions->errorHandler()
 2 SYSTEMPATH/View/View.php(226): include('/home/2023DIFAL3/e22111435/public_html/V1/ci/app/Views/affichage_etape.php')
 3 SYSTEMPATH/View/View.php(229): CodeIgniter\View\View->CodeIgniter\View\{closure}()
 4 SYSTEMPATH/Common.php(1188): CodeIgniter\View\View->render()
 5 APPPATH/Controllers/Etape.php(18): view()
 6 SYSTEMPATH/CodeIgniter.php(919): App\Controllers\Etape->afficher()
 7 SYSTEMPATH/CodeIgniter.php(494): CodeIgniter\CodeIgniter->runController()
 8 SYSTEMPATH/CodeIgniter.php(353): CodeIgniter\CodeIgniter->handleRequest()
 9 FCPATH/index.php(79): CodeIgniter\CodeIgniter->run()
CRITICAL - 2023-11-22 00:41:30 --> Trying to get property 'etp_intitule' of non-object
in APPPATH/Views/affichage_etape.php on line 11.
 1 APPPATH/Views/affichage_etape.php(11): CodeIgniter\Debug\Exceptions->errorHandler()
 2 SYSTEMPATH/View/View.php(226): include('/home/2023DIFAL3/e22111435/public_html/V1/ci/app/Views/affichage_etape.php')
 3 SYSTEMPATH/View/View.php(229): CodeIgniter\View\View->CodeIgniter\View\{closure}()
 4 SYSTEMPATH/Common.php(1188): CodeIgniter\View\View->render()
 5 APPPATH/Controllers/Etape.php(18): view()
 6 SYSTEMPATH/CodeIgniter.php(919): App\Controllers\Etape->afficher()
 7 SYSTEMPATH/CodeIgniter.php(494): CodeIgniter\CodeIgniter->runController()
 8 SYSTEMPATH/CodeIgniter.php(353): CodeIgniter\CodeIgniter->handleRequest()
 9 FCPATH/index.php(79): CodeIgniter\CodeIgniter->run()
CRITICAL - 2023-11-22 00:43:55 --> Trying to get property 'etp_intitule' of non-object
in APPPATH/Views/affichage_etape.php on line 11.
 1 APPPATH/Views/affichage_etape.php(11): CodeIgniter\Debug\Exceptions->errorHandler()
 2 SYSTEMPATH/View/View.php(226): include('/home/2023DIFAL3/e22111435/public_html/V1/ci/app/Views/affichage_etape.php')
 3 SYSTEMPATH/View/View.php(229): CodeIgniter\View\View->CodeIgniter\View\{closure}()
 4 SYSTEMPATH/Common.php(1188): CodeIgniter\View\View->render()
 5 APPPATH/Controllers/Etape.php(18): view()
 6 SYSTEMPATH/CodeIgniter.php(919): App\Controllers\Etape->afficher()
 7 SYSTEMPATH/CodeIgniter.php(494): CodeIgniter\CodeIgniter->runController()
 8 SYSTEMPATH/CodeIgniter.php(353): CodeIgniter\CodeIgniter->handleRequest()
 9 FCPATH/index.php(79): CodeIgniter\CodeIgniter->run()
CRITICAL - 2023-11-22 00:44:36 --> Function name must be a string
in APPPATH/Models/Db_model.php on line 48.
 1 APPPATH/Controllers/Etape.php(16): App\Models\Db_model->get_etape()
 2 SYSTEMPATH/CodeIgniter.php(919): App\Controllers\Etape->afficher()
 3 SYSTEMPATH/CodeIgniter.php(494): CodeIgniter\CodeIgniter->runController()
 4 SYSTEMPATH/CodeIgniter.php(353): CodeIgniter\CodeIgniter->handleRequest()
 5 FCPATH/index.php(79): CodeIgniter\CodeIgniter->run()
