ERROR - 2025-02-08 19:44:46 --> Error connecting to the database: mysqli_sql_exception: Access denied for user 'e22111435sql'@'localhost' (using password: YES) in /home/2024DIFAL3/e22111435/public_html/Escapeweb/ci/system/Database/MySQLi/Connection.php:184
Stack trace:
#0 /home/2024DIFAL3/e22111435/public_html/Escapeweb/ci/system/Database/MySQLi/Connection.php(184): mysqli->real_connect()
#1 /home/2024DIFAL3/e22111435/public_html/Escapeweb/ci/system/Database/BaseConnection.php(391): CodeIgniter\Database\MySQLi\Connection->connect()
#2 /home/2024DIFAL3/e22111435/public_html/Escapeweb/ci/system/Database/BaseConnection.php(574): CodeIgniter\Database\BaseConnection->initialize()
#3 /home/2024DIFAL3/e22111435/public_html/Escapeweb/ci/app/Models/Db_model.php(45): CodeIgniter\Database\BaseConnection->query()
#4 /home/2024DIFAL3/e22111435/public_html/Escapeweb/ci/app/Controllers/Accueil.php(12): App\Models\Db_model->get_all_actualites()
#5 /home/2024DIFAL3/e22111435/public_html/Escapeweb/ci/system/CodeIgniter.php(919): App\Controllers\Accueil->afficher()
#6 /home/2024DIFAL3/e22111435/public_html/Escapeweb/ci/system/CodeIgniter.php(494): CodeIgniter\CodeIgniter->runController()
#7 /home/2024DIFAL3/e22111435/public_html/Escapeweb/ci/system/CodeIgniter.php(353): CodeIgniter\CodeIgniter->handleRequest()
#8 /home/2024DIFAL3/e22111435/public_html/Escapeweb/ci/public/index.php(79): CodeIgniter\CodeIgniter->run()
#9 {main}

Next CodeIgniter\Database\Exceptions\DatabaseException: Access denied for user '****'@'localhost' (using password: YES) in /home/2024DIFAL3/e22111435/public_html/Escapeweb/ci/system/Database/MySQLi/Connection.php:229
Stack trace:
#0 /home/2024DIFAL3/e22111435/public_html/Escapeweb/ci/system/Database/BaseConnection.php(391): CodeIgniter\Database\MySQLi\Connection->connect()
#1 /home/2024DIFAL3/e22111435/public_html/Escapeweb/ci/system/Database/BaseConnection.php(574): CodeIgniter\Database\BaseConnection->initialize()
#2 /home/2024DIFAL3/e22111435/public_html/Escapeweb/ci/app/Models/Db_model.php(45): CodeIgniter\Database\BaseConnection->query()
#3 /home/2024DIFAL3/e22111435/public_html/Escapeweb/ci/app/Controllers/Accueil.php(12): App\Models\Db_model->get_all_actualites()
#4 /home/2024DIFAL3/e22111435/public_html/Escapeweb/ci/system/CodeIgniter.php(919): App\Controllers\Accueil->afficher()
#5 /home/2024DIFAL3/e22111435/public_html/Escapeweb/ci/system/CodeIgniter.php(494): CodeIgniter\CodeIgniter->runController()
#6 /home/2024DIFAL3/e22111435/public_html/Escapeweb/ci/system/CodeIgniter.php(353): CodeIgniter\CodeIgniter->handleRequest()
#7 /home/2024DIFAL3/e22111435/public_html/Escapeweb/ci/public/index.php(79): CodeIgniter\CodeIgniter->run()
#8 {main}
CRITICAL - 2025-02-08 19:44:46 --> Unable to connect to the database.
Main connection [MySQLi]: Access denied for user '****'@'localhost' (using password: YES)
in SYSTEMPATH/Database/BaseConnection.php on line 427.
 1 SYSTEMPATH/Database/BaseConnection.php(574): CodeIgniter\Database\BaseConnection->initialize()
 2 APPPATH/Models/Db_model.php(45): CodeIgniter\Database\BaseConnection->query()
 3 APPPATH/Controllers/Accueil.php(12): App\Models\Db_model->get_all_actualites()
 4 SYSTEMPATH/CodeIgniter.php(919): App\Controllers\Accueil->afficher()
 5 SYSTEMPATH/CodeIgniter.php(494): CodeIgniter\CodeIgniter->runController()
 6 SYSTEMPATH/CodeIgniter.php(353): CodeIgniter\CodeIgniter->handleRequest()
 7 FCPATH/index.php(79): CodeIgniter\CodeIgniter->run()
INFO - 2025-02-08 19:49:40 --> Session: Class initialized using 'CodeIgniter\Session\Handlers\FileHandler' driver.
WARNING - 2025-02-08 19:49:49 --> [DEPRECATED] Creation of dynamic property App\Controllers\Scenario::$model is deprecated in APPPATH/Controllers/Scenario.php on line 10.
 1 SYSTEMPATH/CodeIgniter.php(891): App\Controllers\Scenario->__construct()
 2 SYSTEMPATH/CodeIgniter.php(485): CodeIgniter\CodeIgniter->createController()
 3 SYSTEMPATH/CodeIgniter.php(353): CodeIgniter\CodeIgniter->handleRequest(null, Object(Config\Cache), false)
 4 FCPATH/index.php(79): CodeIgniter\CodeIgniter->run()
WARNING - 2025-02-08 19:50:13 --> [DEPRECATED] Creation of dynamic property App\Controllers\Scenario::$model is deprecated in APPPATH/Controllers/Scenario.php on line 10.
 1 SYSTEMPATH/CodeIgniter.php(891): App\Controllers\Scenario->__construct()
 2 SYSTEMPATH/CodeIgniter.php(485): CodeIgniter\CodeIgniter->createController()
 3 SYSTEMPATH/CodeIgniter.php(353): CodeIgniter\CodeIgniter->handleRequest(null, Object(Config\Cache), false)
 4 FCPATH/index.php(79): CodeIgniter\CodeIgniter->run()
WARNING - 2025-02-08 19:50:16 --> [DEPRECATED] Creation of dynamic property App\Controllers\Scenario::$model is deprecated in APPPATH/Controllers/Scenario.php on line 10.
 1 SYSTEMPATH/CodeIgniter.php(891): App\Controllers\Scenario->__construct()
 2 SYSTEMPATH/CodeIgniter.php(485): CodeIgniter\CodeIgniter->createController()
 3 SYSTEMPATH/CodeIgniter.php(353): CodeIgniter\CodeIgniter->handleRequest(null, Object(Config\Cache), false)
 4 FCPATH/index.php(79): CodeIgniter\CodeIgniter->run()
WARNING - 2025-02-08 19:50:17 --> [DEPRECATED] Creation of dynamic property App\Controllers\Scenario::$model is deprecated in APPPATH/Controllers/Scenario.php on line 10.
 1 SYSTEMPATH/CodeIgniter.php(891): App\Controllers\Scenario->__construct()
 2 SYSTEMPATH/CodeIgniter.php(485): CodeIgniter\CodeIgniter->createController()
 3 SYSTEMPATH/CodeIgniter.php(353): CodeIgniter\CodeIgniter->handleRequest(null, Object(Config\Cache), false)
 4 FCPATH/index.php(79): CodeIgniter\CodeIgniter->run()
WARNING - 2025-02-08 19:51:18 --> [DEPRECATED] Creation of dynamic property App\Controllers\Scenario::$model is deprecated in APPPATH/Controllers/Scenario.php on line 10.
 1 SYSTEMPATH/CodeIgniter.php(891): App\Controllers\Scenario->__construct()
 2 SYSTEMPATH/CodeIgniter.php(485): CodeIgniter\CodeIgniter->createController()
 3 SYSTEMPATH/CodeIgniter.php(353): CodeIgniter\CodeIgniter->handleRequest(null, Object(Config\Cache), false)
 4 FCPATH/index.php(79): CodeIgniter\CodeIgniter->run()
INFO - 2025-02-08 19:52:12 --> Session: Class initialized using 'CodeIgniter\Session\Handlers\FileHandler' driver.
INFO - 2025-02-08 19:54:25 --> Session: Class initialized using 'CodeIgniter\Session\Handlers\FileHandler' driver.
INFO - 2025-02-08 19:54:34 --> Session: Class initialized using 'CodeIgniter\Session\Handlers\FileHandler' driver.
INFO - 2025-02-08 19:54:34 --> Session: Class initialized using 'CodeIgniter\Session\Handlers\FileHandler' driver.
INFO - 2025-02-08 19:54:53 --> Session: Class initialized using 'CodeIgniter\Session\Handlers\FileHandler' driver.
INFO - 2025-02-08 19:54:53 --> Session: Class initialized using 'CodeIgniter\Session\Handlers\FileHandler' driver.
INFO - 2025-02-08 19:55:01 --> Session: Class initialized using 'CodeIgniter\Session\Handlers\FileHandler' driver.
INFO - 2025-02-08 19:55:01 --> Session: Class initialized using 'CodeIgniter\Session\Handlers\FileHandler' driver.
INFO - 2025-02-08 19:55:29 --> Session: Class initialized using 'CodeIgniter\Session\Handlers\FileHandler' driver.
INFO - 2025-02-08 19:55:29 --> Session: Class initialized using 'CodeIgniter\Session\Handlers\FileHandler' driver.
INFO - 2025-02-08 19:56:21 --> Session: Class initialized using 'CodeIgniter\Session\Handlers\FileHandler' driver.
INFO - 2025-02-08 19:56:25 --> Session: Class initialized using 'CodeIgniter\Session\Handlers\FileHandler' driver.
INFO - 2025-02-08 19:56:33 --> Session: Class initialized using 'CodeIgniter\Session\Handlers\FileHandler' driver.
INFO - 2025-02-08 19:56:34 --> Session: Class initialized using 'CodeIgniter\Session\Handlers\FileHandler' driver.
INFO - 2025-02-08 19:57:01 --> Session: Class initialized using 'CodeIgniter\Session\Handlers\FileHandler' driver.
INFO - 2025-02-08 19:57:02 --> Session: Class initialized using 'CodeIgniter\Session\Handlers\FileHandler' driver.
