CRITICAL - 2023-12-04 13:05:09 --> chmod() has been disabled for security reasons
in SYSTEMPATH/Session/Handlers/FileHandler.php on line 147.
 1 [internal function]: CodeIgniter\Debug\Exceptions->errorHandler()
 2 SYSTEMPATH/Session/Handlers/FileHandler.php(147): chmod()
 3 [internal function]: CodeIgniter\Session\Handlers\FileHandler->read()
 4 SYSTEMPATH/Session/Session.php(919): session_start()
 5 SYSTEMPATH/Session/Session.php(241): CodeIgniter\Session\Session->startSession()
 6 SYSTEMPATH/Config/Services.php(692): CodeIgniter\Session\Session->start()
 7 SYSTEMPATH/Config/BaseService.php(258): CodeIgniter\Config\Services::session()
 8 SYSTEMPATH/Config/BaseService.php(199): CodeIgniter\Config\BaseService::__callStatic()
 9 SYSTEMPATH/Config/Services.php(663): CodeIgniter\Config\BaseService::getSharedInstance()
10 SYSTEMPATH/Config/BaseService.php(258): CodeIgniter\Config\Services::session()
11 SYSTEMPATH/Common.php(996): CodeIgniter\Config\BaseService::__callStatic()
12 APPPATH/Views/compte/compte_creer.php(1): session()
13 SYSTEMPATH/View/View.php(226): include('/home/2023DIFAL3/e22111435/public_html/V1/ci/app/Views/compte/compte_creer.php')
14 SYSTEMPATH/View/View.php(229): CodeIgniter\View\View->CodeIgniter\View\{closure}()
15 SYSTEMPATH/Common.php(1188): CodeIgniter\View\View->render()
16 APPPATH/Controllers/Compte.php(63): view()
17 SYSTEMPATH/CodeIgniter.php(919): App\Controllers\Compte->creer()
18 SYSTEMPATH/CodeIgniter.php(494): CodeIgniter\CodeIgniter->runController()
19 SYSTEMPATH/CodeIgniter.php(353): CodeIgniter\CodeIgniter->handleRequest()
20 FCPATH/index.php(79): CodeIgniter\CodeIgniter->run()
CRITICAL - 2023-12-04 13:05:09 --> Uncaught ErrorException: chmod() has been disabled for security reasons in /home/2023DIFAL3/e22111435/public_html/V1/ci/system/Log/Handlers/FileHandler.php:117
Stack trace:
#0 [internal function]: CodeIgniter\Debug\Exceptions->errorHandler()
#1 /home/2023DIFAL3/e22111435/public_html/V1/ci/system/Log/Handlers/FileHandler.php(117): chmod()
#2 /home/2023DIFAL3/e22111435/public_html/V1/ci/system/Log/Logger.php(292): CodeIgniter\Log\Handlers\FileHandler->handle()
#3 /home/2023DIFAL3/e22111435/public_html/V1/ci/system/Common.php(810): CodeIgniter\Log\Logger->log()
#4 /home/2023DIFAL3/e22111435/public_html/V1/ci/system/Debug/Exceptions.php(131): log_message()
#5 [internal function]: CodeIgniter\Debug\Exceptions->exceptionHandler()
#6 {main}
  thrown
【Previous Exception】
ErrorException
chmod() has been disabled for security reasons
#0 [internal function]: CodeIgniter\Debug\Exceptions->errorHandler()
#1 /home/2023DIFAL3/e22111435/public_html/V1/ci/system/Session/Handlers/FileHandler.php(147): chmod()
#2 [internal function]: CodeIgniter\Session\Handlers\FileHandler->read()
#3 /home/2023DIFAL3/e22111435/public_html/V1/ci/system/Session/Session.php(919): session_start()
#4 /home/2023DIFAL3/e22111435/public_html/V1/ci/system/Session/Session.php(241): CodeIgniter\Session\Session->startSession()
#5 /home/2023DIFAL3/e22111435/public_html/V1/ci/system/Config/Services.php(692): CodeIgniter\Session\Session->start()
#6 /home/2023DIFAL3/e22111435/public_html/V1/ci/system/Config/BaseService.php(258): CodeIgniter\Config\Services::session()
#7 /home/2023DIFAL3/e22111435/public_html/V1/ci/system/Config/BaseService.php(199): CodeIgniter\Config\BaseService::__callStatic()
#8 /home/2023DIFAL3/e22111435/public_html/V1/ci/system/Config/Services.php(663): CodeIgniter\Config\BaseService::getSharedInstance()
#9 /home/2023DIFAL3/e22111435/public_html/V1/ci/system/Config/BaseService.php(258): CodeIgniter\Config\Services::session()
#10 /home/2023DIFAL3/e22111435/public_html/V1/ci/system/Common.php(996): CodeIgniter\Config\BaseService::__callStatic()
#11 /home/2023DIFAL3/e22111435/public_html/V1/ci/app/Views/compte/compte_creer.php(1): session()
#12 /home/2023DIFAL3/e22111435/public_html/V1/ci/system/View/View.php(226): include('/home/2023DIFAL...')
#13 /home/2023DIFAL3/e22111435/public_html/V1/ci/system/View/View.php(229): CodeIgniter\View\View->CodeIgniter\View\{closure}()
#14 /home/2023DIFAL3/e22111435/public_html/V1/ci/system/Common.php(1188): CodeIgniter\View\View->render()
#15 /home/2023DIFAL3/e22111435/public_html/V1/ci/app/Controllers/Compte.php(63): view()
#16 /home/2023DIFAL3/e22111435/public_html/V1/ci/system/CodeIgniter.php(919): App\Controllers\Compte->creer()
#17 /home/2023DIFAL3/e22111435/public_html/V1/ci/system/CodeIgniter.php(494): CodeIgniter\CodeIgniter->runController()
#18 /home/2023DIFAL3/e22111435/public_html/V1/ci/system/CodeIgniter.php(353): CodeIgniter\CodeIgniter->handleRequest()
#19 /home/2023DIFAL3/e22111435/public_html/V1/ci/public/index.php(79): CodeIgniter\CodeIgniter->run()
#20 {main}
in SYSTEMPATH/Log/Handlers/FileHandler.php on line 117.
 1 [internal function]: CodeIgniter\Debug\Exceptions->shutdownHandler()
CRITICAL - 2023-12-04 13:09:29 --> Undefined variable: model
in APPPATH/Controllers/Compte.php on line 47.
 1 APPPATH/Controllers/Compte.php(47): CodeIgniter\Debug\Exceptions->errorHandler()
 2 SYSTEMPATH/CodeIgniter.php(919): App\Controllers\Compte->creer()
 3 SYSTEMPATH/CodeIgniter.php(494): CodeIgniter\CodeIgniter->runController()
 4 SYSTEMPATH/CodeIgniter.php(353): CodeIgniter\CodeIgniter->handleRequest()
 5 FCPATH/index.php(79): CodeIgniter\CodeIgniter->run()
CRITICAL - 2023-12-04 13:11:15 --> Undefined variable: model
in APPPATH/Controllers/Compte.php on line 48.
 1 APPPATH/Controllers/Compte.php(48): CodeIgniter\Debug\Exceptions->errorHandler()
 2 SYSTEMPATH/CodeIgniter.php(919): App\Controllers\Compte->creer()
 3 SYSTEMPATH/CodeIgniter.php(494): CodeIgniter\CodeIgniter->runController()
 4 SYSTEMPATH/CodeIgniter.php(353): CodeIgniter\CodeIgniter->handleRequest()
 5 FCPATH/index.php(79): CodeIgniter\CodeIgniter->run()
CRITICAL - 2023-12-04 13:11:40 --> Undefined variable: model
in APPPATH/Controllers/Compte.php on line 48.
 1 APPPATH/Controllers/Compte.php(48): CodeIgniter\Debug\Exceptions->errorHandler()
 2 SYSTEMPATH/CodeIgniter.php(919): App\Controllers\Compte->creer()
 3 SYSTEMPATH/CodeIgniter.php(494): CodeIgniter\CodeIgniter->runController()
 4 SYSTEMPATH/CodeIgniter.php(353): CodeIgniter\CodeIgniter->handleRequest()
 5 FCPATH/index.php(79): CodeIgniter\CodeIgniter->run()
CRITICAL - 2023-12-04 13:15:01 --> Undefined variable: model
in APPPATH/Controllers/Compte.php on line 52.
 1 APPPATH/Controllers/Compte.php(52): CodeIgniter\Debug\Exceptions->errorHandler()
 2 SYSTEMPATH/CodeIgniter.php(919): App\Controllers\Compte->creer()
 3 SYSTEMPATH/CodeIgniter.php(494): CodeIgniter\CodeIgniter->runController()
 4 SYSTEMPATH/CodeIgniter.php(353): CodeIgniter\CodeIgniter->handleRequest()
 5 FCPATH/index.php(79): CodeIgniter\CodeIgniter->run()
CRITICAL - 2023-12-04 13:24:18 --> Invalid file: "connexion/compte_connecter.php"
in SYSTEMPATH/Exceptions/FrameworkException.php on line 39.
 1 SYSTEMPATH/View/View.php(214): CodeIgniter\Exceptions\FrameworkException::forInvalidFile()
 2 SYSTEMPATH/Common.php(1188): CodeIgniter\View\View->render()
 3 APPPATH/Controllers/Compte.php(96): view()
 4 SYSTEMPATH/CodeIgniter.php(919): App\Controllers\Compte->connecter()
 5 SYSTEMPATH/CodeIgniter.php(494): CodeIgniter\CodeIgniter->runController()
 6 SYSTEMPATH/CodeIgniter.php(353): CodeIgniter\CodeIgniter->handleRequest()
 7 FCPATH/index.php(79): CodeIgniter\CodeIgniter->run()
INFO - 2023-12-04 13:32:01 --> Session: Class initialized using 'CodeIgniter\Session\Handlers\FileHandler' driver.
INFO - 2023-12-04 13:32:22 --> Session: Class initialized using 'CodeIgniter\Session\Handlers\FileHandler' driver.
INFO - 2023-12-04 13:34:49 --> Session: Class initialized using 'CodeIgniter\Session\Handlers\FileHandler' driver.
INFO - 2023-12-04 13:35:05 --> Session: Class initialized using 'CodeIgniter\Session\Handlers\FileHandler' driver.
CRITICAL - 2023-12-04 13:35:05 --> Invalid file: "templates/haut2.php"
in SYSTEMPATH/Exceptions/FrameworkException.php on line 39.
 1 SYSTEMPATH/View/View.php(214): CodeIgniter\Exceptions\FrameworkException::forInvalidFile()
 2 SYSTEMPATH/Common.php(1188): CodeIgniter\View\View->render()
 3 APPPATH/Controllers/Compte.php(87): view()
 4 SYSTEMPATH/CodeIgniter.php(919): App\Controllers\Compte->connecter()
 5 SYSTEMPATH/CodeIgniter.php(494): CodeIgniter\CodeIgniter->runController()
 6 SYSTEMPATH/CodeIgniter.php(353): CodeIgniter\CodeIgniter->handleRequest()
 7 FCPATH/index.php(79): CodeIgniter\CodeIgniter->run()
CRITICAL - 2023-12-04 13:38:41 --> Failed to create(read) session ID: user (path: /home/2023DIFAL3/e22111435/public_html/V1/ci/writable/session)
in SYSTEMPATH/Session/Session.php on line 400.
 1 SYSTEMPATH/Session/Session.php(400): session_regenerate_id()
 2 SYSTEMPATH/Session/Session.php(250): CodeIgniter\Session\Session->regenerate()
 3 SYSTEMPATH/Config/Services.php(692): CodeIgniter\Session\Session->start()
 4 SYSTEMPATH/Config/BaseService.php(258): CodeIgniter\Config\Services::session()
 5 SYSTEMPATH/Config/BaseService.php(199): CodeIgniter\Config\BaseService::__callStatic()
 6 SYSTEMPATH/Config/Services.php(663): CodeIgniter\Config\BaseService::getSharedInstance()
 7 SYSTEMPATH/Config/BaseService.php(258): CodeIgniter\Config\Services::session()
 8 SYSTEMPATH/Common.php(996): CodeIgniter\Config\BaseService::__callStatic()
 9 APPPATH/Controllers/Compte.php(85): session()
10 SYSTEMPATH/CodeIgniter.php(919): App\Controllers\Compte->connecter()
11 SYSTEMPATH/CodeIgniter.php(494): CodeIgniter\CodeIgniter->runController()
12 SYSTEMPATH/CodeIgniter.php(353): CodeIgniter\CodeIgniter->handleRequest()
13 FCPATH/index.php(79): CodeIgniter\CodeIgniter->run()
INFO - 2023-12-04 13:40:26 --> Session: Class initialized using 'CodeIgniter\Session\Handlers\FileHandler' driver.
CRITICAL - 2023-12-04 13:40:26 --> Invalid file: "connexion/compte_accueil.php"
in SYSTEMPATH/Exceptions/FrameworkException.php on line 39.
 1 SYSTEMPATH/View/View.php(214): CodeIgniter\Exceptions\FrameworkException::forInvalidFile()
 2 SYSTEMPATH/Common.php(1188): CodeIgniter\View\View->render()
 3 APPPATH/Controllers/Compte.php(88): view()
 4 SYSTEMPATH/CodeIgniter.php(919): App\Controllers\Compte->connecter()
 5 SYSTEMPATH/CodeIgniter.php(494): CodeIgniter\CodeIgniter->runController()
 6 SYSTEMPATH/CodeIgniter.php(353): CodeIgniter\CodeIgniter->handleRequest()
 7 FCPATH/index.php(79): CodeIgniter\CodeIgniter->run()
INFO - 2023-12-04 13:42:23 --> Session: Class initialized using 'CodeIgniter\Session\Handlers\FileHandler' driver.
CRITICAL - 2023-12-04 13:42:23 --> Invalid file: "templates/bas2.php"
in SYSTEMPATH/Exceptions/FrameworkException.php on line 39.
 1 SYSTEMPATH/View/View.php(214): CodeIgniter\Exceptions\FrameworkException::forInvalidFile()
 2 SYSTEMPATH/Common.php(1188): CodeIgniter\View\View->render()
 3 APPPATH/Controllers/Compte.php(89): view()
 4 SYSTEMPATH/CodeIgniter.php(919): App\Controllers\Compte->connecter()
 5 SYSTEMPATH/CodeIgniter.php(494): CodeIgniter\CodeIgniter->runController()
 6 SYSTEMPATH/CodeIgniter.php(353): CodeIgniter\CodeIgniter->handleRequest()
 7 FCPATH/index.php(79): CodeIgniter\CodeIgniter->run()
INFO - 2023-12-04 13:42:35 --> Session: Class initialized using 'CodeIgniter\Session\Handlers\FileHandler' driver.
INFO - 2023-12-04 13:43:46 --> Session: Class initialized using 'CodeIgniter\Session\Handlers\FileHandler' driver.
INFO - 2023-12-04 13:43:51 --> Session: Class initialized using 'CodeIgniter\Session\Handlers\FileHandler' driver.
INFO - 2023-12-04 13:43:52 --> Session: Class initialized using 'CodeIgniter\Session\Handlers\FileHandler' driver.
INFO - 2023-12-04 13:47:47 --> Session: Class initialized using 'CodeIgniter\Session\Handlers\FileHandler' driver.
INFO - 2023-12-04 13:48:19 --> Session: Class initialized using 'CodeIgniter\Session\Handlers\FileHandler' driver.
CRITICAL - 2023-12-04 13:51:04 --> syntax error, unexpected 'public' (T_PUBLIC), expecting end of file
in APPPATH/Controllers/Compte.php on line 77.
 1 SYSTEMPATH/Autoloader/Autoloader.php(285): CodeIgniter\Autoloader\Autoloader->includeFile()
 2 SYSTEMPATH/Autoloader/Autoloader.php(263): CodeIgniter\Autoloader\Autoloader->loadInNamespace()
 3 [internal function]: CodeIgniter\Autoloader\Autoloader->loadClass()
 4 [internal function]: spl_autoload_call()
 5 SYSTEMPATH/CodeIgniter.php(877): class_exists()
 6 SYSTEMPATH/CodeIgniter.php(481): CodeIgniter\CodeIgniter->startController()
 7 SYSTEMPATH/CodeIgniter.php(353): CodeIgniter\CodeIgniter->handleRequest()
 8 FCPATH/index.php(79): CodeIgniter\CodeIgniter->run()
INFO - 2023-12-04 13:52:54 --> Session: Class initialized using 'CodeIgniter\Session\Handlers\FileHandler' driver.
INFO - 2023-12-04 13:53:23 --> Session: Class initialized using 'CodeIgniter\Session\Handlers\FileHandler' driver.
INFO - 2023-12-04 13:53:42 --> Session: Class initialized using 'CodeIgniter\Session\Handlers\FileHandler' driver.
INFO - 2023-12-04 13:54:08 --> Session: Class initialized using 'CodeIgniter\Session\Handlers\FileHandler' driver.
INFO - 2023-12-04 13:54:22 --> Session: Class initialized using 'CodeIgniter\Session\Handlers\FileHandler' driver.
INFO - 2023-12-04 13:54:43 --> Session: Class initialized using 'CodeIgniter\Session\Handlers\FileHandler' driver.
